// Jest Snapshot v1, https://goo.gl/fbAQLP

exports[`stringify object correctly 1`] = `
"
    foo: 'a',
    bar: {
      baz: 'b'
    }"
`;
